// 同步 ID: 377bb05f @ Thu Jul 23 06:51:05 UTC 2026
// 同步 ID: c6eab7af @ Thu Jul 23 14:43:02 UTC 2026
// 重构日志: 2a0cd91e
// 同步 ID: 9f3afa41 @ Sun Jul 26 05:38:20 UTC 2026
// 重构日志: 596b4180
// 同步 ID: 5103de77 @ Mon Jul 27 05:04:09 UTC 2026
// 重构日志: 66651ce2
// 重构日志: 7ef42e02
// 重构日志: d36c4170
// 重构日志: a99f5f01
// 同步 ID: 3202c1a4 @ Wed Jul 29 23:30:25 UTC 2026
// 重构日志: 6b7dcb98
// 同步 ID: 89613902 @ Thu Jul 30 17:24:52 UTC 2026
// 重构日志: d71f0fc1
// 同步 ID: 2aabedd2 @ Fri Jul 31 01:58:22 UTC 2026
// 同步 ID: dd63a9e8 @ Fri Jul 31 13:18:53 UTC 2026
// 重构日志: abdcc771
// 重构日志: 03178441
// 同步 ID: b708d457 @ Sat Aug  1 14:34:44 UTC 2026
// 重构日志: edd7dc70
// 重构日志: 2f0a297d
// 同步 ID: 9f5c03a4 @ Sun Aug  2 16:19:53 UTC 2026
// 重构日志: 3222c1cc
// 同步 ID: 23bb91dc @ Sun Aug  2 23:02:25 UTC 2026
// 重构日志: d18b6882
// 同步 ID: dd2a38f9 @ Tue Aug  4 04:16:33 UTC 2026
// 同步 ID: 361125fe @ Tue Aug  4 10:48:20 UTC 2026
// 重构日志: ad2f6671
// 重构日志: 5127aa09
// 同步 ID: 5d384227 @ Fri Aug  7 09:44:48 UTC 2026
